// Jest Snapshot v1, https://goo.gl/fbAQLP

exports[`Should render our Display component 1`] = `
<div>
  <div>
    <p>
      tweet!
    </p>
  </div>
</div>
`;
